[0/1] Re-running CMake...
-- Building ESP-IDF components for target esp32
-- Project sdkconfig file /home/ivanool/Escritorio/KANA/TOHA/sdkconfig
-- Compiler supported targets: xtensa-esp-elf
-- App "TOHA" version: 08dac12-dirty
-- Adding linker script /home/ivanool/Escritorio/KANA/TOHA/build/esp-idf/esp_system/ld/memory.ld
-- Adding linker script /home/ivanool/esp/esp-idf/components/esp_system/ld/esp32/sections.ld.in
-- Adding linker script /home/ivanool/esp/esp-idf/components/esp_rom/esp32/ld/esp32.rom.ld
-- Adding linker script /home/ivanool/esp/esp-idf/components/esp_rom/esp32/ld/esp32.rom.api.ld
-- Adding linker script /home/ivanool/esp/esp-idf/components/esp_rom/esp32/ld/esp32.rom.libgcc.ld
-- Adding linker script /home/ivanool/esp/esp-idf/components/esp_rom/esp32/ld/esp32.rom.newlib-data.ld
-- Adding linker script /home/ivanool/esp/esp-idf/components/esp_rom/esp32/ld/esp32.rom.syscalls.ld
-- Adding linker script /home/ivanool/esp/esp-idf/components/esp_rom/esp32/ld/esp32.rom.newlib-funcs.ld
-- Adding linker script /home/ivanool/esp/esp-idf/components/soc/esp32/ld/esp32.peripherals.ld
-- Components: app_trace app_update bootloader bootloader_support bt cmock console cxx driver efuse esp-tls esp_adc esp_app_format esp_bootloader_format esp_coex esp_common esp_eth esp_event esp_gdbstub esp_hid esp_http_client esp_http_server esp_https_ota esp_https_server esp_hw_support esp_lcd esp_local_ctrl esp_mm esp_netif esp_netif_stack esp_partition esp_phy esp_pm esp_psram esp_ringbuf esp_rom esp_system esp_timer esp_wifi espcoredump esptool_py fatfs freertos hal heap http_parser idf_test ieee802154 ixora json log lwip main mbedtls mqtt newlib nvs_flash nvs_sec_provider openthread partition_table perfmon protobuf-c protocomm pthread sdmmc soc spi_flash spiffs st7789 tcp_transport ulp unity usb vfs wear_levelling wifi_provisioning wpa_supplicant xtensa
-- Component paths: /home/ivanool/esp/esp-idf/components/app_trace /home/ivanool/esp/esp-idf/components/app_update /home/ivanool/esp/esp-idf/components/bootloader /home/ivanool/esp/esp-idf/components/bootloader_support /home/ivanool/esp/esp-idf/components/bt /home/ivanool/esp/esp-idf/components/cmock /home/ivanool/esp/esp-idf/components/console /home/ivanool/esp/esp-idf/components/cxx /home/ivanool/esp/esp-idf/components/driver /home/ivanool/esp/esp-idf/components/efuse /home/ivanool/esp/esp-idf/components/esp-tls /home/ivanool/esp/esp-idf/components/esp_adc /home/ivanool/esp/esp-idf/components/esp_app_format /home/ivanool/esp/esp-idf/components/esp_bootloader_format /home/ivanool/esp/esp-idf/components/esp_coex /home/ivanool/esp/esp-idf/components/esp_common /home/ivanool/esp/esp-idf/components/esp_eth /home/ivanool/esp/esp-idf/components/esp_event /home/ivanool/esp/esp-idf/components/esp_gdbstub /home/ivanool/esp/esp-idf/components/esp_hid /home/ivanool/esp/esp-idf/components/esp_http_client /home/ivanool/esp/esp-idf/components/esp_http_server /home/ivanool/esp/esp-idf/components/esp_https_ota /home/ivanool/esp/esp-idf/components/esp_https_server /home/ivanool/esp/esp-idf/components/esp_hw_support /home/ivanool/esp/esp-idf/components/esp_lcd /home/ivanool/esp/esp-idf/components/esp_local_ctrl /home/ivanool/esp/esp-idf/components/esp_mm /home/ivanool/esp/esp-idf/components/esp_netif /home/ivanool/esp/esp-idf/components/esp_netif_stack /home/ivanool/esp/esp-idf/components/esp_partition /home/ivanool/esp/esp-idf/components/esp_phy /home/ivanool/esp/esp-idf/components/esp_pm /home/ivanool/esp/esp-idf/components/esp_psram /home/ivanool/esp/esp-idf/components/esp_ringbuf /home/ivanool/esp/esp-idf/components/esp_rom /home/ivanool/esp/esp-idf/components/esp_system /home/ivanool/esp/esp-idf/components/esp_timer /home/ivanool/esp/esp-idf/components/esp_wifi /home/ivanool/esp/esp-idf/components/espcoredump /home/ivanool/esp/esp-idf/components/esptool_py /home/ivanool/esp/esp-idf/components/fatfs /home/ivanool/esp/esp-idf/components/freertos /home/ivanool/esp/esp-idf/components/hal /home/ivanool/esp/esp-idf/components/heap /home/ivanool/esp/esp-idf/components/http_parser /home/ivanool/esp/esp-idf/components/idf_test /home/ivanool/esp/esp-idf/components/ieee802154 /home/ivanool/Escritorio/KANA/TOHA/components/ixora /home/ivanool/esp/esp-idf/components/json /home/ivanool/esp/esp-idf/components/log /home/ivanool/esp/esp-idf/components/lwip /home/ivanool/Escritorio/KANA/TOHA/main /home/ivanool/esp/esp-idf/components/mbedtls /home/ivanool/esp/esp-idf/components/mqtt /home/ivanool/esp/esp-idf/components/newlib /home/ivanool/esp/esp-idf/components/nvs_flash /home/ivanool/esp/esp-idf/components/nvs_sec_provider /home/ivanool/esp/esp-idf/components/openthread /home/ivanool/esp/esp-idf/components/partition_table /home/ivanool/esp/esp-idf/components/perfmon /home/ivanool/esp/esp-idf/components/protobuf-c /home/ivanool/esp/esp-idf/components/protocomm /home/ivanool/esp/esp-idf/components/pthread /home/ivanool/esp/esp-idf/components/sdmmc /home/ivanool/esp/esp-idf/components/soc /home/ivanool/esp/esp-idf/components/spi_flash /home/ivanool/esp/esp-idf/components/spiffs /home/ivanool/Escritorio/KANA/TOHA/components/st7789 /home/ivanool/esp/esp-idf/components/tcp_transport /home/ivanool/esp/esp-idf/components/ulp /home/ivanool/esp/esp-idf/components/unity /home/ivanool/esp/esp-idf/components/usb /home/ivanool/esp/esp-idf/components/vfs /home/ivanool/esp/esp-idf/components/wear_levelling /home/ivanool/esp/esp-idf/components/wifi_provisioning /home/ivanool/esp/esp-idf/components/wpa_supplicant /home/ivanool/esp/esp-idf/components/xtensa
-- Configuring done
-- Generating done
-- Build files have been written to: /home/ivanool/Escritorio/KANA/TOHA/build
[1/8] cd /home/ivanool/Escritorio/KANA/TOHA/build/esp-idf/ixora && /home/ivanool/.espressif/python_env/idf5.2_py3.12_env/bin/python /home/ivanool/esp/esp-idf/components/spiffs/spiffsgen.py 0x130000 /home/ivanool/Escritorio/KANA/TOHA/spiffs_image /home/ivanool/Escritorio/KANA/TOHA/build/storage.bin --page-size=1024 --obj-name-len=256 --meta-len=4 --use-magic --use-magic-len
FAILED: esp-idf/ixora/CMakeFiles/spiffs_storage_bin /home/ivanool/Escritorio/KANA/TOHA/build/esp-idf/ixora/CMakeFiles/spiffs_storage_bin 
cd /home/ivanool/Escritorio/KANA/TOHA/build/esp-idf/ixora && /home/ivanool/.espressif/python_env/idf5.2_py3.12_env/bin/python /home/ivanool/esp/esp-idf/components/spiffs/spiffsgen.py 0x130000 /home/ivanool/Escritorio/KANA/TOHA/spiffs_image /home/ivanool/Escritorio/KANA/TOHA/build/storage.bin --page-size=1024 --obj-name-len=256 --meta-len=4 --use-magic --use-magic-len
Traceback (most recent call last):
  File "/home/ivanool/esp/esp-idf/components/spiffs/spiffsgen.py", line 434, in create_file
    block.update_obj(contents_chunk)
  File "/home/ivanool/esp/esp-idf/components/spiffs/spiffsgen.py", line 349, in update_obj
    raise SpiffsFullError()
SpiffsFullError

During handling of the above exception, another exception occurred:

Traceback (most recent call last):
  File "/home/ivanool/esp/esp-idf/components/spiffs/spiffsgen.py", line 438, in create_file
    raise SpiffsFullError
SpiffsFullError

During handling of the above exception, another exception occurred:

Traceback (most recent call last):
  File "/home/ivanool/esp/esp-idf/components/spiffs/spiffsgen.py", line 593, in <module>
    main()
  File "/home/ivanool/esp/esp-idf/components/spiffs/spiffsgen.py", line 585, in main
    spiffs.create_file('/' + os.path.relpath(full_path, args.base_dir).replace('\\', '/'), full_path)
  File "/home/ivanool/esp/esp-idf/components/spiffs/spiffsgen.py", line 449, in create_file
    block = self._create_block()
            ^^^^^^^^^^^^^^^^^^^^
  File "/home/ivanool/esp/esp-idf/components/spiffs/spiffsgen.py", line 398, in _create_block
    raise SpiffsFullError('the image size has been exceeded')
SpiffsFullError: the image size has been exceeded
[2/8] Generating ../../partition_table/partition-table.bin
Partition table binary generated. Contents:
*******************************************************************************
# ESP-IDF Partition Table
# Name, Type, SubType, Offset, Size, Flags
nvs,data,nvs,0x9000,20K,
otadata,data,ota,0xe000,8K,
app0,app,ota_0,0x10000,1408K,
app1,app,ota_1,0x170000,1408K,
storage,data,spiffs,0x2d0000,1216K,
*******************************************************************************
[3/8] Generating binary image from built executable
esptool.py v4.8.1
Creating esp32 image...
Merged 2 ELF sections
Successfully created esp32 image.
Generated /home/ivanool/Escritorio/KANA/TOHA/build/TOHA.bin
ninja: build stopped: subcommand failed.
